2026-10-05 22:59:32,695 [    INFO] Initialize empty SQLite database. (database.py:36)
2026-10-05 22:59:32,700 [    INFO] Context impl SQLiteImpl. (migration.py:205)
2026-10-05 22:59:32,701 [    INFO] Will assume non-transactional DDL. (migration.py:208)
2026-10-05 22:59:32,718 [    INFO] Running upgrade  -> 7e0d6dfb1b1d, initial schema (migration.py:616)
2026-10-05 22:59:32,771 [   DEBUG] new branch insert 7e0d6dfb1b1d (migration.py:778)
2026-10-05 22:59:32,780 [    INFO] Running upgrade 7e0d6dfb1b1d -> 24456e322528, add captured_original to mediaitem (migration.py:616)
2026-10-05 22:59:32,788 [   DEBUG] update 7e0d6dfb1b1d to 24456e322528 (migration.py:813)
2026-10-05 22:59:32,796 [    INFO] Running upgrade 24456e322528 -> 543b0c11a790, modify fields to improve cache invalidation (migration.py:616)
2026-10-05 22:59:32,861 [   DEBUG] update 24456e322528 to 543b0c11a790 (migration.py:813)
2026-10-05 22:59:32,876 [    INFO] no mediaitem in collection, creating one image (conftest.py:50)
2026-10-05 22:59:32,912 [    INFO] cloud retention sweep deleted 2 object(s) older than 2026-09-28 (cloud.py:213)
2026-10-05 22:59:32,945 [ WARNING] cloud retention sweep failed: offline (cloud.py:209)
2026-10-05 22:59:32,967 [    INFO] framebooth template cache invalidated (templates.py:146)
2026-10-05 22:59:32,968 [    INFO] registered plugins: ['photobooth.plugins.filter_pilgram2.filter_pilgram2'] (pluginmanager.py:26)
2026-10-05 22:59:32,972 [    INFO] loaded backends: ['0:VirtualCameraBackend'] (acquisition.py:50)
2026-10-05 22:59:32,973 [    INFO] pausing livestream on backend VirtualCameraBackend after 30s is enabled. (abstractbackend.py:190)
2026-10-05 22:59:32,973 [   DEBUG] VirtualCameraBackend-resilient service starting (resilientservice.py:162)
2026-10-05 22:59:32,979 [   DEBUG] deleted 0 outdated items from the cache (cache.py:124)
2026-10-05 22:59:32,985 [    INFO] initialized DB, found 1 images (collection.py:44)
2026-10-05 22:59:32,985 [    INFO] Platform: uname_result(system='Windows', node='leminhthang2003-01', release='10', version='10.0.26200', machine='AMD64') (information.py:47)
2026-10-05 22:59:32,986 [    INFO] System release: 10 (information.py:48)
2026-10-05 22:59:32,986 [    INFO] Machine: AMD64 (information.py:49)
2026-10-05 22:59:32,987 [    INFO] Python version: 3.11.3 (information.py:50)
2026-10-05 22:59:32,987 [    INFO] Computer model: unknown (information.py:51)
2026-10-05 22:59:32,988 [    INFO] Disk usage of working dir: 19.4 (information.py:52)
2026-10-05 22:59:32,990 [ WARNING] cloud delivery enabled but R2_* credentials missing (env or .env.r2), staying disabled (cloud.py:85)
2026-10-05 22:59:32,991 [    INFO] services status: ['LoggingService: started', 'PluginManagerService: started', 'AcquisitionService: started', 'MediacollectionService: started', 'InformationService: started', 'ProcessingService: started', 'SystemService: started', 'ShareService: started', 'CloudDeliveryService: disabled', 'ConfigurationService: started'] (container.py:59)
2026-10-05 22:59:32,992 [    INFO] started container (container.py:60)
2026-10-05 22:59:33,314 [   DEBUG] VirtualCameraBackend-resilient service start running service logic (resilientservice.py:101)
2026-10-05 22:59:33,315 [    INFO] camera not yet configured after startup, apply device init config now on backend VirtualCameraBackend (abstractbackend.py:231)
2026-10-05 22:59:33,315 [    INFO] changing mode from None to standby on backend VirtualCameraBackend (abstractbackend.py:234)
2026-10-05 22:59:33,316 [    INFO] changing mode completed (abstractbackend.py:247)
2026-10-05 22:59:33,975 [   DEBUG] VirtualCameraBackend-resilient service shutting down (resilientservice.py:174)
2026-10-05 22:59:34,019 [   DEBUG] virtualcamera thread finished (virtualcamera.py:217)
2026-10-05 22:59:34,026 [    INFO] services status: ['ConfigurationService: stopped', 'CloudDeliveryService: stopped', 'ShareService: stopped', 'SystemService: stopped', 'ProcessingService: stopped', 'InformationService: stopped', 'MediacollectionService: stopped', 'AcquisitionService: stopped', 'PluginManagerService: stopped', 'LoggingService: stopped'] (container.py:79)
2026-10-05 22:59:34,027 [    INFO] stopped container (container.py:80)
2026-10-05 22:59:34,036 [    INFO] registered plugins: ['photobooth.plugins.filter_pilgram2.filter_pilgram2'] (pluginmanager.py:26)
2026-10-05 22:59:34,036 [    INFO] loaded backends: ['0:VirtualCameraBackend'] (acquisition.py:50)
2026-10-05 22:59:34,037 [    INFO] pausing livestream on backend VirtualCameraBackend after 30s is enabled. (abstractbackend.py:190)
2026-10-05 22:59:34,037 [   DEBUG] VirtualCameraBackend-resilient service starting (resilientservice.py:162)
2026-10-05 22:59:34,040 [   DEBUG] deleted 0 outdated items from the cache (cache.py:124)
2026-10-05 22:59:34,041 [    INFO] initialized DB, found 1 images (collection.py:44)
2026-10-05 22:59:34,041 [    INFO] Platform: uname_result(system='Windows', node='leminhthang2003-01', release='10', version='10.0.26200', machine='AMD64') (information.py:47)
2026-10-05 22:59:34,042 [    INFO] System release: 10 (information.py:48)
2026-10-05 22:59:34,042 [    INFO] Machine: AMD64 (information.py:49)
2026-10-05 22:59:34,043 [    INFO] Python version: 3.11.3 (information.py:50)
2026-10-05 22:59:34,043 [    INFO] Computer model: unknown (information.py:51)
2026-10-05 22:59:34,043 [    INFO] Disk usage of working dir: 19.4 (information.py:52)
2026-10-05 22:59:34,046 [ WARNING] cloud delivery enabled but R2_* credentials missing (env or .env.r2), staying disabled (cloud.py:85)
2026-10-05 22:59:34,046 [    INFO] services status: ['LoggingService: started', 'PluginManagerService: started', 'AcquisitionService: started', 'MediacollectionService: started', 'InformationService: started', 'ProcessingService: started', 'SystemService: started', 'ShareService: started', 'CloudDeliveryService: disabled', 'ConfigurationService: started'] (container.py:59)
2026-10-05 22:59:34,047 [    INFO] started container (container.py:60)
2026-10-05 22:59:34,047 [    INFO] framebooth template cache invalidated (templates.py:146)
2026-10-05 22:59:34,183 [   DEBUG] VirtualCameraBackend-resilient service start running service logic (resilientservice.py:101)
2026-10-05 22:59:34,184 [    INFO] camera not yet configured after startup, apply device init config now on backend VirtualCameraBackend (abstractbackend.py:231)
2026-10-05 22:59:34,184 [    INFO] changing mode from None to standby on backend VirtualCameraBackend (abstractbackend.py:234)
2026-10-05 22:59:34,185 [    INFO] changing mode completed (abstractbackend.py:247)
2026-10-05 22:59:35,039 [   DEBUG] VirtualCameraBackend-resilient service shutting down (resilientservice.py:174)
2026-10-05 22:59:35,089 [   DEBUG] virtualcamera thread finished (virtualcamera.py:217)
2026-10-05 22:59:35,098 [    INFO] services status: ['ConfigurationService: stopped', 'CloudDeliveryService: stopped', 'ShareService: stopped', 'SystemService: stopped', 'ProcessingService: stopped', 'InformationService: stopped', 'MediacollectionService: stopped', 'AcquisitionService: stopped', 'PluginManagerService: stopped', 'LoggingService: stopped'] (container.py:79)
2026-10-05 22:59:35,098 [    INFO] stopped container (container.py:80)
2026-10-05 22:59:35,099 [    INFO] registered plugins: ['photobooth.plugins.filter_pilgram2.filter_pilgram2'] (pluginmanager.py:26)
2026-10-05 22:59:35,099 [    INFO] loaded backends: ['0:VirtualCameraBackend'] (acquisition.py:50)
2026-10-05 22:59:35,100 [    INFO] pausing livestream on backend VirtualCameraBackend after 30s is enabled. (abstractbackend.py:190)
2026-10-05 22:59:35,101 [   DEBUG] VirtualCameraBackend-resilient service starting (resilientservice.py:162)
2026-10-05 22:59:35,104 [   DEBUG] deleted 0 outdated items from the cache (cache.py:124)
2026-10-05 22:59:35,105 [    INFO] initialized DB, found 1 images (collection.py:44)
2026-10-05 22:59:35,106 [    INFO] Platform: uname_result(system='Windows', node='leminhthang2003-01', release='10', version='10.0.26200', machine='AMD64') (information.py:47)
2026-10-05 22:59:35,106 [    INFO] System release: 10 (information.py:48)
2026-10-05 22:59:35,107 [    INFO] Machine: AMD64 (information.py:49)
2026-10-05 22:59:35,107 [    INFO] Python version: 3.11.3 (information.py:50)
2026-10-05 22:59:35,107 [    INFO] Computer model: unknown (information.py:51)
2026-10-05 22:59:35,108 [    INFO] Disk usage of working dir: 19.4 (information.py:52)
2026-10-05 22:59:35,110 [ WARNING] cloud delivery enabled but R2_* credentials missing (env or .env.r2), staying disabled (cloud.py:85)
2026-10-05 22:59:35,111 [    INFO] services status: ['LoggingService: started', 'PluginManagerService: started', 'AcquisitionService: started', 'MediacollectionService: started', 'InformationService: started', 'ProcessingService: started', 'SystemService: started', 'ShareService: started', 'CloudDeliveryService: disabled', 'ConfigurationService: started'] (container.py:59)
2026-10-05 22:59:35,112 [    INFO] started container (container.py:60)
2026-10-05 22:59:35,245 [   DEBUG] VirtualCameraBackend-resilient service start running service logic (resilientservice.py:101)
2026-10-05 22:59:35,246 [    INFO] camera not yet configured after startup, apply device init config now on backend VirtualCameraBackend (abstractbackend.py:231)
2026-10-05 22:59:35,246 [    INFO] changing mode from None to standby on backend VirtualCameraBackend (abstractbackend.py:234)
2026-10-05 22:59:35,247 [    INFO] changing mode completed (abstractbackend.py:247)
2026-10-05 22:59:36,102 [   DEBUG] VirtualCameraBackend-resilient service shutting down (resilientservice.py:174)
2026-10-05 22:59:36,159 [   DEBUG] virtualcamera thread finished (virtualcamera.py:217)
2026-10-05 22:59:36,166 [    INFO] services status: ['ConfigurationService: stopped', 'CloudDeliveryService: stopped', 'ShareService: stopped', 'SystemService: stopped', 'ProcessingService: stopped', 'InformationService: stopped', 'MediacollectionService: stopped', 'AcquisitionService: stopped', 'PluginManagerService: stopped', 'LoggingService: stopped'] (container.py:79)
2026-10-05 22:59:36,167 [    INFO] stopped container (container.py:80)
2026-10-05 22:59:36,180 [    INFO] registered plugins: ['photobooth.plugins.filter_pilgram2.filter_pilgram2'] (pluginmanager.py:26)
2026-10-05 22:59:36,180 [    INFO] loaded backends: ['0:VirtualCameraBackend'] (acquisition.py:50)
2026-10-05 22:59:36,182 [    INFO] pausing livestream on backend VirtualCameraBackend after 30s is enabled. (abstractbackend.py:190)
2026-10-05 22:59:36,182 [   DEBUG] VirtualCameraBackend-resilient service starting (resilientservice.py:162)
2026-10-05 22:59:36,185 [   DEBUG] deleted 0 outdated items from the cache (cache.py:124)
2026-10-05 22:59:36,187 [    INFO] initialized DB, found 1 images (collection.py:44)
2026-10-05 22:59:36,187 [CRITICAL] could not start service (container.py:55)
Traceback (most recent call last):
  File "D:\photobooth-app-tsl\src\photobooth\container.py", line 51, in start
    service.start()
  File "C:\Users\Admin\AppData\Local\Programs\Python\Python311\Lib\unittest\mock.py", line 1118, in __call__
    return self._mock_call(*args, **kwargs)
           ^^^^^^^^^^^^^^^^^^^^^^^^^^^^^^^^
  File "C:\Users\Admin\AppData\Local\Programs\Python\Python311\Lib\unittest\mock.py", line 1122, in _mock_call
    return self._execute_mock_call(*args, **kwargs)
           ^^^^^^^^^^^^^^^^^^^^^^^^^^^^^^^^^^^^^^^^
  File "C:\Users\Admin\AppData\Local\Programs\Python\Python311\Lib\unittest\mock.py", line 1177, in _execute_mock_call
    raise effect
Exception: mock error
2026-10-05 22:59:36,191 [ WARNING] cloud delivery enabled but R2_* credentials missing (env or .env.r2), staying disabled (cloud.py:85)
2026-10-05 22:59:36,193 [    INFO] services status: ['LoggingService: started', 'PluginManagerService: started', 'AcquisitionService: started', 'MediacollectionService: started', 'ProcessingService: started', 'SystemService: started', 'ShareService: started', 'CloudDeliveryService: disabled', 'ConfigurationService: started'] (container.py:59)
2026-10-05 22:59:36,194 [    INFO] started container (container.py:60)
2026-10-05 22:59:36,326 [   DEBUG] VirtualCameraBackend-resilient service start running service logic (resilientservice.py:101)
2026-10-05 22:59:36,326 [    INFO] camera not yet configured after startup, apply device init config now on backend VirtualCameraBackend (abstractbackend.py:231)
2026-10-05 22:59:36,327 [    INFO] changing mode from None to standby on backend VirtualCameraBackend (abstractbackend.py:234)
2026-10-05 22:59:36,327 [    INFO] changing mode completed (abstractbackend.py:247)
2026-10-05 22:59:37,184 [   DEBUG] VirtualCameraBackend-resilient service shutting down (resilientservice.py:174)
2026-10-05 22:59:37,231 [   DEBUG] virtualcamera thread finished (virtualcamera.py:217)
2026-10-05 22:59:37,240 [    INFO] services status: ['ConfigurationService: stopped', 'CloudDeliveryService: stopped', 'ShareService: stopped', 'SystemService: stopped', 'ProcessingService: stopped', 'InformationService: stopped', 'MediacollectionService: stopped', 'AcquisitionService: stopped', 'PluginManagerService: stopped', 'LoggingService: stopped'] (container.py:79)
2026-10-05 22:59:37,241 [    INFO] stopped container (container.py:80)
2026-10-05 22:59:37,251 [    INFO] registered plugins: ['photobooth.plugins.filter_pilgram2.filter_pilgram2'] (pluginmanager.py:26)
2026-10-05 22:59:37,252 [    INFO] loaded backends: ['0:VirtualCameraBackend'] (acquisition.py:50)
2026-10-05 22:59:37,253 [    INFO] pausing livestream on backend VirtualCameraBackend after 30s is enabled. (abstractbackend.py:190)
2026-10-05 22:59:37,253 [   DEBUG] VirtualCameraBackend-resilient service starting (resilientservice.py:162)
2026-10-05 22:59:37,256 [   DEBUG] deleted 0 outdated items from the cache (cache.py:124)
2026-10-05 22:59:37,257 [    INFO] initialized DB, found 1 images (collection.py:44)
2026-10-05 22:59:37,258 [    INFO] Platform: uname_result(system='Windows', node='leminhthang2003-01', release='10', version='10.0.26200', machine='AMD64') (information.py:47)
2026-10-05 22:59:37,258 [    INFO] System release: 10 (information.py:48)
2026-10-05 22:59:37,258 [    INFO] Machine: AMD64 (information.py:49)
2026-10-05 22:59:37,258 [    INFO] Python version: 3.11.3 (information.py:50)
2026-10-05 22:59:37,260 [    INFO] Computer model: unknown (information.py:51)
2026-10-05 22:59:37,260 [    INFO] Disk usage of working dir: 19.4 (information.py:52)
2026-10-05 22:59:37,262 [ WARNING] cloud delivery enabled but R2_* credentials missing (env or .env.r2), staying disabled (cloud.py:85)
2026-10-05 22:59:37,263 [    INFO] services status: ['LoggingService: started', 'PluginManagerService: started', 'AcquisitionService: started', 'MediacollectionService: started', 'InformationService: started', 'ProcessingService: started', 'SystemService: started', 'ShareService: started', 'CloudDeliveryService: disabled', 'ConfigurationService: started'] (container.py:59)
2026-10-05 22:59:37,264 [    INFO] started container (container.py:60)
2026-10-05 22:59:37,264 [CRITICAL] could not stop service (container.py:75)
Traceback (most recent call last):
  File "D:\photobooth-app-tsl\src\photobooth\container.py", line 71, in stop
    service.stop()
  File "C:\Users\Admin\AppData\Local\Programs\Python\Python311\Lib\unittest\mock.py", line 1118, in __call__
    return self._mock_call(*args, **kwargs)
           ^^^^^^^^^^^^^^^^^^^^^^^^^^^^^^^^
  File "C:\Users\Admin\AppData\Local\Programs\Python\Python311\Lib\unittest\mock.py", line 1122, in _mock_call
    return self._execute_mock_call(*args, **kwargs)
           ^^^^^^^^^^^^^^^^^^^^^^^^^^^^^^^^^^^^^^^^
  File "C:\Users\Admin\AppData\Local\Programs\Python\Python311\Lib\unittest\mock.py", line 1177, in _execute_mock_call
    raise effect
Exception: mock error
2026-10-05 22:59:37,373 [   DEBUG] VirtualCameraBackend-resilient service start running service logic (resilientservice.py:101)
2026-10-05 22:59:37,374 [    INFO] camera not yet configured after startup, apply device init config now on backend VirtualCameraBackend (abstractbackend.py:231)
2026-10-05 22:59:37,374 [    INFO] changing mode from None to standby on backend VirtualCameraBackend (abstractbackend.py:234)
2026-10-05 22:59:37,375 [    INFO] changing mode completed (abstractbackend.py:247)
2026-10-05 22:59:38,255 [   DEBUG] VirtualCameraBackend-resilient service shutting down (resilientservice.py:174)
2026-10-05 22:59:38,280 [   DEBUG] virtualcamera thread finished (virtualcamera.py:217)
2026-10-05 22:59:38,288 [    INFO] services status: ['ConfigurationService: stopped', 'CloudDeliveryService: stopped', 'ShareService: stopped', 'SystemService: stopped', 'ProcessingService: stopped', 'MediacollectionService: stopped', 'AcquisitionService: stopped', 'PluginManagerService: stopped', 'LoggingService: stopped'] (container.py:79)
2026-10-05 22:59:38,289 [    INFO] stopped container (container.py:80)
2026-10-05 22:59:38,292 [    INFO] registered plugins: ['photobooth.plugins.filter_pilgram2.filter_pilgram2'] (pluginmanager.py:26)
2026-10-05 22:59:38,293 [    INFO] loaded backends: ['0:VirtualCameraBackend'] (acquisition.py:50)
2026-10-05 22:59:38,293 [    INFO] pausing livestream on backend VirtualCameraBackend after 30s is enabled. (abstractbackend.py:190)
2026-10-05 22:59:38,293 [   DEBUG] VirtualCameraBackend-resilient service starting (resilientservice.py:162)
2026-10-05 22:59:38,296 [   DEBUG] deleted 0 outdated items from the cache (cache.py:124)
2026-10-05 22:59:38,298 [    INFO] initialized DB, found 1 images (collection.py:44)
2026-10-05 22:59:38,298 [    INFO] Platform: uname_result(system='Windows', node='leminhthang2003-01', release='10', version='10.0.26200', machine='AMD64') (information.py:47)
2026-10-05 22:59:38,299 [    INFO] System release: 10 (information.py:48)
2026-10-05 22:59:38,299 [    INFO] Machine: AMD64 (information.py:49)
2026-10-05 22:59:38,300 [    INFO] Python version: 3.11.3 (information.py:50)
2026-10-05 22:59:38,300 [    INFO] Computer model: unknown (information.py:51)
2026-10-05 22:59:38,301 [    INFO] Disk usage of working dir: 19.4 (information.py:52)
2026-10-05 22:59:38,304 [ WARNING] cloud delivery enabled but R2_* credentials missing (env or .env.r2), staying disabled (cloud.py:85)
2026-10-05 22:59:38,304 [    INFO] services status: ['LoggingService: started', 'PluginManagerService: started', 'AcquisitionService: started', 'MediacollectionService: started', 'InformationService: started', 'ProcessingService: started', 'SystemService: started', 'ShareService: started', 'CloudDeliveryService: disabled', 'ConfigurationService: started'] (container.py:59)
2026-10-05 22:59:38,305 [    INFO] started container (container.py:60)
2026-10-05 22:59:50,109 [    INFO] Existing database found. Checking for migrations. (database.py:44)
2026-10-05 22:59:50,114 [    INFO] Context impl SQLiteImpl. (migration.py:205)
2026-10-05 22:59:50,114 [    INFO] Will assume non-transactional DDL. (migration.py:208)
2026-10-05 22:59:50,613 [    INFO] framebooth template cache invalidated (templates.py:146)
2026-10-05 22:59:51,255 [    INFO] framebooth session store removed 1 expired file(s) (session_store.py:110)
2026-10-05 22:59:51,264 [   DEBUG] Using proactor: IocpProactor (proactor_events.py:633)
2026-10-05 22:59:51,269 [   DEBUG] lifecycle hook not installing signal, because current_thread not main_thread (application.py:48)
2026-10-05 22:59:51,270 [    INFO] registered plugins: ['photobooth.plugins.filter_pilgram2.filter_pilgram2'] (pluginmanager.py:26)
2026-10-05 22:59:51,273 [    INFO] loaded backends: ['0:VirtualCameraBackend'] (acquisition.py:50)
2026-10-05 22:59:51,274 [    INFO] pausing livestream on backend VirtualCameraBackend after 30s is enabled. (abstractbackend.py:190)
2026-10-05 22:59:51,274 [   DEBUG] VirtualCameraBackend-resilient service starting (resilientservice.py:162)
2026-10-05 22:59:51,281 [   DEBUG] deleted 0 outdated items from the cache (cache.py:124)
2026-10-05 22:59:51,287 [    INFO] initialized DB, found 1 images (collection.py:44)
2026-10-05 22:59:51,289 [    INFO] Platform: uname_result(system='Windows', node='leminhthang2003-01', release='10', version='10.0.26200', machine='AMD64') (information.py:47)
2026-10-05 22:59:51,289 [    INFO] System release: 10 (information.py:48)
2026-10-05 22:59:51,291 [    INFO] Machine: AMD64 (information.py:49)
2026-10-05 22:59:51,291 [    INFO] Python version: 3.11.3 (information.py:50)
2026-10-05 22:59:51,291 [    INFO] Computer model: unknown (information.py:51)
2026-10-05 22:59:51,293 [    INFO] Disk usage of working dir: 19.4 (information.py:52)
2026-10-05 22:59:51,296 [ WARNING] cloud delivery enabled but R2_* credentials missing (env or .env.r2), staying disabled (cloud.py:85)
2026-10-05 22:59:51,296 [    INFO] services status: ['LoggingService: started', 'PluginManagerService: started', 'AcquisitionService: started', 'MediacollectionService: started', 'InformationService: started', 'ProcessingService: started', 'SystemService: started', 'ShareService: started', 'CloudDeliveryService: disabled', 'ConfigurationService: started'] (container.py:59)
2026-10-05 22:59:51,297 [    INFO] started container (container.py:60)
2026-10-05 22:59:51,481 [   DEBUG] VirtualCameraBackend-resilient service start running service logic (resilientservice.py:101)
2026-10-05 22:59:51,482 [    INFO] camera not yet configured after startup, apply device init config now on backend VirtualCameraBackend (abstractbackend.py:231)
2026-10-05 22:59:51,483 [    INFO] changing mode from None to still on backend VirtualCameraBackend (abstractbackend.py:234)
2026-10-05 22:59:51,483 [    INFO] changing mode completed (abstractbackend.py:247)
2026-10-05 22:59:51,484 [    INFO] changing mode from still to video on backend VirtualCameraBackend (abstractbackend.py:234)
2026-10-05 22:59:51,485 [    INFO] changing mode completed (abstractbackend.py:247)
2026-10-05 22:59:51,724 [   ERROR] HTTPException: request.url=URL('http://test/api/framebooth/captures/00000000-0000-0000-0000-000000000000') exc=HTTPException(status_code=404, detail='capture not found') (application.py:93)
2026-10-05 22:59:51,754 [    INFO] changing mode from video to still on backend VirtualCameraBackend (abstractbackend.py:234)
2026-10-05 22:59:51,755 [    INFO] changing mode completed (abstractbackend.py:247)
2026-10-05 22:59:51,823 [    INFO] changing mode from still to video on backend VirtualCameraBackend (abstractbackend.py:234)
2026-10-05 22:59:51,824 [    INFO] changing mode completed (abstractbackend.py:247)
2026-10-05 22:59:51,892 [    INFO] changing mode from video to still on backend VirtualCameraBackend (abstractbackend.py:234)
2026-10-05 22:59:51,892 [    INFO] changing mode completed (abstractbackend.py:247)
2026-10-05 22:59:51,962 [    INFO] changing mode from still to video on backend VirtualCameraBackend (abstractbackend.py:234)
2026-10-05 22:59:51,963 [    INFO] changing mode completed (abstractbackend.py:247)
2026-10-05 22:59:52,299 [    INFO] changing mode from video to still on backend VirtualCameraBackend (abstractbackend.py:234)
2026-10-05 22:59:52,300 [    INFO] changing mode completed (abstractbackend.py:247)
2026-10-05 22:59:52,368 [    INFO] changing mode from still to video on backend VirtualCameraBackend (abstractbackend.py:234)
2026-10-05 22:59:52,370 [    INFO] changing mode completed (abstractbackend.py:247)
2026-10-05 22:59:52,379 [   ERROR] HTTPException: request.url=URL('http://test/api/framebooth/templates/2-0152c8b13c33b49353443a8c63da25a2/composite-preview') exc=HTTPException(status_code=400, detail='template requires 2 selected captures') (application.py:93)
2026-10-05 22:59:52,437 [    INFO] changing mode from video to still on backend VirtualCameraBackend (abstractbackend.py:234)
2026-10-05 22:59:52,437 [    INFO] changing mode completed (abstractbackend.py:247)
2026-10-05 22:59:52,507 [    INFO] changing mode from still to video on backend VirtualCameraBackend (abstractbackend.py:234)
2026-10-05 22:59:52,508 [    INFO] changing mode completed (abstractbackend.py:247)
2026-10-05 22:59:52,515 [   ERROR] HTTPException: request.url=URL('http://test/api/framebooth/templates/does-not-exist/composite-preview') exc=HTTPException(status_code=404, detail='frame template not found') (application.py:93)
2026-10-05 22:59:52,575 [    INFO] changing mode from video to still on backend VirtualCameraBackend (abstractbackend.py:234)
2026-10-05 22:59:52,576 [    INFO] changing mode completed (abstractbackend.py:247)
2026-10-05 22:59:52,645 [    INFO] changing mode from still to video on backend VirtualCameraBackend (abstractbackend.py:234)
2026-10-05 22:59:52,646 [    INFO] changing mode completed (abstractbackend.py:247)
2026-10-05 22:59:52,714 [    INFO] changing mode from video to still on backend VirtualCameraBackend (abstractbackend.py:234)
2026-10-05 22:59:52,715 [    INFO] changing mode completed (abstractbackend.py:247)
2026-10-05 22:59:52,783 [    INFO] changing mode from still to video on backend VirtualCameraBackend (abstractbackend.py:234)
2026-10-05 22:59:52,783 [    INFO] changing mode completed (abstractbackend.py:247)
2026-10-05 22:59:52,988 [    INFO] no mediaitem in collection, creating one image (conftest.py:50)
2026-10-05 22:59:53,052 [    INFO] changing mode from video to still on backend VirtualCameraBackend (abstractbackend.py:234)
2026-10-05 22:59:53,054 [    INFO] changing mode completed (abstractbackend.py:247)
2026-10-05 22:59:53,123 [    INFO] changing mode from still to video on backend VirtualCameraBackend (abstractbackend.py:234)
2026-10-05 22:59:53,124 [    INFO] changing mode completed (abstractbackend.py:247)
2026-10-05 22:59:53,192 [    INFO] changing mode from video to still on backend VirtualCameraBackend (abstractbackend.py:234)
2026-10-05 22:59:53,192 [    INFO] changing mode completed (abstractbackend.py:247)
2026-10-05 22:59:53,260 [    INFO] changing mode from still to video on backend VirtualCameraBackend (abstractbackend.py:234)
2026-10-05 22:59:53,261 [    INFO] changing mode completed (abstractbackend.py:247)
2026-10-05 22:59:53,269 [   ERROR] HTTPException: request.url=URL('http://test/api/framebooth/render') exc=HTTPException(status_code=400, detail='filter not found') (application.py:93)
